// Jest Snapshot v1, https://goo.gl/fbAQLP

exports[`работа компонента Mobile 1`] = `
<div
  className="mobile container"
>
  <div
    className="mobile__name"
  >
    Velcom
  </div>
  <div
    className="mobile__btn-wrap"
  >
    <button
      className="btn"
      onClick={[Function]}
      value="Velcom"
    >
      Velcom
    </button>
    <button
      className="btn"
      onClick={[Function]}
      value="Mts"
    >
      Mts
    </button>
  </div>
  <div
    className="mobile__filter"
  >
    <button
      className="btn"
      onClick={[Function]}
      value="all"
    >
      Все
    </button>
    <button
      className="btn"
      onClick={[Function]}
      value="active"
    >
      Активные
    </button>
    <button
      className="btn"
      onClick={[Function]}
      value="unavail"
    >
      Заблокированные
    </button>
  </div>
  <table
    className="mobile__clients"
  >
    <thead>
      <tr>
        <td>
          Фамилия
        </td>
        <td>
          Имя
        </td>
        <td>
          Отчетсво
        </td>
        <td>
          Баланс
        </td>
        <td>
          Статус
        </td>
        <td>
          Управление
        </td>
      </tr>
    </thead>
    <tbody>
      <tr>
        <td>
          Виталий
        </td>
        <td>
          Новиков
        </td>
        <td>
          Петрович
        </td>
        <td>
          300
        </td>
        <td
          className="avail"
        >
          Активен
        </td>
        <td>
          <button
            className="btn edit-btn"
            onClick={[Function]}
          >
            Редактировать
          </button>
          <button
            className="btn delete-btn"
            onClick={[Function]}
          >
            Удалить
          </button>
        </td>
      </tr>
      <tr>
        <td>
          Александ
        </td>
        <td>
          Глеб
        </td>
        <td>
          Юрьевич
        </td>
        <td>
          180
        </td>
        <td
          className="avail"
        >
          Активен
        </td>
        <td>
          <button
            className="btn edit-btn"
            onClick={[Function]}
          >
            Редактировать
          </button>
          <button
            className="btn delete-btn"
            onClick={[Function]}
          >
            Удалить
          </button>
        </td>
      </tr>
      <tr>
        <td>
          Вячеслав
        </td>
        <td>
          Глеб
        </td>
        <td>
          Юрьевич
        </td>
        <td>
          -100
        </td>
        <td
          className="unavail"
        >
          Неактивен
        </td>
        <td>
          <button
            className="btn edit-btn"
            onClick={[Function]}
          >
            Редактировать
          </button>
          <button
            className="btn delete-btn"
            onClick={[Function]}
          >
            Удалить
          </button>
        </td>
      </tr>
    </tbody>
  </table>
  <div
    className="mobile__add"
  >
    <button
      className="btn edit-btn add-client"
      onClick={[Function]}
    >
      Добавить клиента
    </button>
  </div>
  <div
    className="mobile__form"
  />
</div>
`;

exports[`работа компонента Mobile 2`] = `
<div
  className="mobile container"
>
  <div
    className="mobile__name"
  >
    Velcom
  </div>
  <div
    className="mobile__btn-wrap"
  >
    <button
      className="btn"
      onClick={[Function]}
      value="Velcom"
    >
      Velcom
    </button>
    <button
      className="btn"
      onClick={[Function]}
      value="Mts"
    >
      Mts
    </button>
  </div>
  <div
    className="mobile__filter"
  >
    <button
      className="btn"
      onClick={[Function]}
      value="all"
    >
      Все
    </button>
    <button
      className="btn"
      onClick={[Function]}
      value="active"
    >
      Активные
    </button>
    <button
      className="btn"
      onClick={[Function]}
      value="unavail"
    >
      Заблокированные
    </button>
  </div>
  <table
    className="mobile__clients"
  >
    <thead>
      <tr>
        <td>
          Фамилия
        </td>
        <td>
          Имя
        </td>
        <td>
          Отчетсво
        </td>
        <td>
          Баланс
        </td>
        <td>
          Статус
        </td>
        <td>
          Управление
        </td>
      </tr>
    </thead>
    <tbody>
      <tr>
        <td>
          Виталий
        </td>
        <td>
          Новиков
        </td>
        <td>
          Петрович
        </td>
        <td>
          300
        </td>
        <td
          className="avail"
        >
          Активен
        </td>
        <td>
          <button
            className="btn edit-btn"
            onClick={[Function]}
          >
            Редактировать
          </button>
          <button
            className="btn delete-btn"
            onClick={[Function]}
          >
            Удалить
          </button>
        </td>
      </tr>
      <tr>
        <td>
          Александ
        </td>
        <td>
          Глеб
        </td>
        <td>
          Юрьевич
        </td>
        <td>
          180
        </td>
        <td
          className="avail"
        >
          Активен
        </td>
        <td>
          <button
            className="btn edit-btn"
            onClick={[Function]}
          >
            Редактировать
          </button>
          <button
            className="btn delete-btn"
            onClick={[Function]}
          >
            Удалить
          </button>
        </td>
      </tr>
      <tr>
        <td>
          Вячеслав
        </td>
        <td>
          Глеб
        </td>
        <td>
          Юрьевич
        </td>
        <td>
          -100
        </td>
        <td
          className="unavail"
        >
          Неактивен
        </td>
        <td>
          <button
            className="btn edit-btn"
            onClick={[Function]}
          >
            Редактировать
          </button>
          <button
            className="btn delete-btn"
            onClick={[Function]}
          >
            Удалить
          </button>
        </td>
      </tr>
    </tbody>
  </table>
  <div
    className="mobile__add"
  >
    <button
      className="btn edit-btn add-client"
      onClick={[Function]}
    >
      Добавить клиента
    </button>
  </div>
  <div
    className="mobile__form"
  />
</div>
`;
